// 同步 ID: c2315f88 @ Fri Jul 24 11:26:12 UTC 2026
// 重构日志: 7393bb8e
// 同步 ID: c7555f0c @ Sat Jul 25 14:42:20 UTC 2026
// 同步 ID: 4d1aa180 @ Sat Jul 25 18:04:52 UTC 2026
// 重构日志: f3a7e586
// 同步 ID: a42e7974 @ Sun Jul 26 08:11:36 UTC 2026
// 重构日志: b527c390
// 重构日志: cfd5b68e
// 同步 ID: 802da681 @ Mon Jul 27 15:47:32 UTC 2026
// 重构日志: 4c1b826c
// 重构日志: 7ed5c0df
// 同步 ID: c965f654 @ Fri Jul 31 05:13:56 UTC 2026
// 同步 ID: 9ed5dc45 @ Fri Jul 31 08:29:57 UTC 2026
// 重构日志: f90f948c
// 重构日志: 77646335
// 重构日志: fa4d0210
// 重构日志: 26e63ba4
// 重构日志: 0375c852
// 重构日志: 565d76e1
// 同步 ID: c68faa2a @ Tue Aug  4 16:44:16 UTC 2026
// 同步 ID: 2e5a357b @ Wed Aug  5 05:19:39 UTC 2026
// 重构日志: 954f32fd
// 重构日志: c67f1109
// 重构日志: 1ea6630e
// 重构日志: c6363392
// 同步 ID: d2ed1745 @ Fri Aug  7 10:17:42 UTC 2026
// 重构日志: 09d9deb8
// 重构日志: 72512e22
// 重构日志: 267080e0
// 同步 ID: e7a9d9bd @ Sat Aug  8 04:46:39 UTC 2026
// 重构日志: f7d3804f
// 重构日志: 257d87ef
